Setting top to                           : /root/ns-3.19 
Setting out to                           : /root/ns-3.19/build 
Checking for 'gcc' (c compiler)          : /usr/bin/gcc 
Checking for 'g++' (c++ compiler)        : /usr/bin/g++ 
Checking for compilation flag -march=native... support : ok 
Checking for compilation flag -Wl,--soname=foo... support : ok 
Checking for program python                               : /usr/bin/python 
Checking for python version                               : (2, 7, 18, 'final', 0) 
Checking for library python2.7 in LIBDIR                  : not found 
Checking for library python2.7 in python_LIBPL            : not found 
Checking for library python2.7 in $prefix/libs            : not found 
Checking for library python2.7m in LIBDIR                 : not found 
Checking for library python2.7m in python_LIBPL           : not found 
Checking for library python2.7m in $prefix/libs           : not found 
Checking for library python27 in LIBDIR                   : not found 
Checking for library python27 in python_LIBPL             : not found 
Checking for library python27 in $prefix/libs             : not found 
Checking for program /usr/bin/python-config,python2.7-config,python-config-2.7,python2.7m-config : not found 
Checking for header Python.h                                                                     : :-( 
Asking python-config for pyembed --cflags flags                                                  : not found 
Checking boost includes                                                                          : not found 
Checking boost includes                                                                          : not found 
Checking for click location                                                                      : not found 
Checking for program pkg-config                                                                  : not found 
Checking for program pkg-config                                                                  : not found 
Checking for type uint128_t                                                                      : not found 
Checking for type __uint128_t                                                                    : yes 
Checking high precision time implementation                                                      : 128-bit integer 
Checking for header stdint.h                                                                     : yes 
Checking for header inttypes.h                                                                   : yes 
Checking for header sys/inttypes.h                                                               : not found 
Checking for header sys/types.h                                                                  : yes 
Checking for header sys/stat.h                                                                   : yes 
Checking for header dirent.h                                                                     : yes 
Checking for header stdlib.h                                                                     : yes 
Checking for header signal.h                                                                     : yes 
Checking for header pthread.h                                                                    : yes 
Checking for header stdint.h                                                                     : yes 
Checking for header inttypes.h                                                                   : yes 
Checking for header sys/inttypes.h                                                               : not found 
Checking for library rt                                                                          : yes 
Checking for header netpacket/packet.h                                                           : yes 
Checking for NSC location                                                                        : not found 
Checking for program pkg-config                                                                  : not found 
Checking for header linux/if_tun.h                                                               : yes 
Checking for program sudo                                                                        : not found 
Checking for program valgrind                                                                    : not found 
Checking for program pkg-config                                                                  : not found 
Checking for compilation flag -Wno-error=deprecated-d... support                                 : ok 
Checking for compilation flag -Wno-error=deprecated-d... support                                 : ok 
Checking for compilation flag -fstrict-aliasing... support                                       : ok 
Checking for compilation flag -fstrict-aliasing... support                                       : ok 
Checking for compilation flag -Wstrict-aliasing... support                                       : ok 
Checking for compilation flag -Wstrict-aliasing... support                                       : ok 
Checking for program doxygen                                                                     : not found 
---- Summary of optional NS-3 features:
Python Bindings               : [01;31mnot enabled (Python library or headers missing)[0m
NS-3 Click Integration        : [01;31mnot enabled (nsclick not enabled (see option --with-nsclick))[0m
GtkConfigStore                : [01;31mnot enabled (library 'gtk+-2.0 >= 2.12' not found)[0m
XmlIo                         : [01;31mnot enabled (library 'libxml-2.0 >= 2.7' not found)[0m
Threading Primitives          : [32menabled[0m
Real Time Simulator           : [32menabled[0m
Emulated Net Device           : [32menabled[0m
Network Simulation Cradle     : [01;31mnot enabled (NSC not found (see option --with-nsc))[0m
MPI Support                   : [01;31mnot enabled (option --enable-mpi not selected)[0m
NS-3 OpenFlow Integration     : [01;31mnot enabled (Required boost libraries not found)[0m
SQlite stats data output      : [01;31mnot enabled (library 'sqlite3' not found)[0m
Tap Bridge                    : [32menabled[0m
PyViz visualizer              : [01;31mnot enabled (Python Bindings are needed but not enabled)[0m
Use sudo to set suid bit      : [01;31mnot enabled (option --enable-sudo not selected)[0m
Build tests                   : [01;31mnot enabled (defaults to disabled)[0m
Build examples                : [01;31mnot enabled (defaults to disabled)[0m
GNU Scientific Library (GSL)  : [01;31mnot enabled (GSL not found)[0m
'configure' finished successfully (7.821s)
Waf: Entering directory `/root/ns-3.19/build'
[ 468/1450] install-ns3-header: src/point-to-point/model/caver-routing.h -> build/ns3/caver-routing.h
[ 468/1450] install-ns3-header: src/point-to-point/model/noshare-routing.h -> build/ns3/noshare-routing.h
[ 701/1450] cxx: scratch/network-load-balance.cc -> build/scratch/network-load-balance.cc.2.o
[ 807/1450] cxx: src/point-to-point/model/noshare-routing.cc -> build/src/point-to-point/model/noshare-routing.cc.1.o
[ 810/1450] cxx: src/point-to-point/model/switch-mmu.cc -> build/src/point-to-point/model/switch-mmu.cc.1.o
[ 811/1450] cxx: src/point-to-point/model/switch-node.cc -> build/src/point-to-point/model/switch-node.cc.1.o
[ 812/1450] cxx: src/point-to-point/model/rdma-hw.cc -> build/src/point-to-point/model/rdma-hw.cc.1.o
[1267/1450] cxx: src/point-to-point/model/caver-routing.cc -> build/src/point-to-point/model/caver-routing.cc.1.o
../src/point-to-point/model/caver-routing.cc: In member function 'void ns3::CaverRouting::RouteInput(ns3::Ptr<ns3::Packet>, ns3::CustomHeader)':
../src/point-to-point/model/caver-routing.cc:823:65: warning: format '%d' expects argument of type 'int', but argument 2 has type 'std::vector<unsigned char>::size_type' {aka 'long unsigned int'} [-Wformat=]
  823 |                     printf("new_avaliable_path._path's length: %d\n", new_avaliable_path._path.size());
      |                                                                ~^     ~~~~~~~~~~~~~~~~~~~~~~~~~~~~~~~
      |                                                                 |                                  |
      |                                                                 int                                std::vector<unsigned char>::size_type {aka long unsigned int}
      |                                                                %ld
[1389/1450] cxxshlib: build/src/point-to-point/model/point-to-point-net-device.cc.1.o build/src/point-to-point/model/point-to-point-channel.cc.1.o build/src/point-to-point/model/point-to-point-remote-channel.cc.1.o build/src/point-to-point/model/ppp-header.cc.1.o build/src/point-to-point/helper/point-to-point-helper.cc.1.o build/src/point-to-point/helper/qbb-helper.cc.1.o build/src/point-to-point/model/qbb-net-device.cc.1.o build/src/point-to-point/model/pause-header.cc.1.o build/src/point-to-point/model/cn-header.cc.1.o build/src/point-to-point/model/qbb-header.cc.1.o build/src/point-to-point/model/qbb-channel.cc.1.o build/src/point-to-point/model/qbb-remote-channel.cc.1.o build/src/point-to-point/model/rdma-driver.cc.1.o build/src/point-to-point/model/rdma-queue-pair.cc.1.o build/src/point-to-point/model/rdma-hw.cc.1.o build/src/point-to-point/model/switch-node.cc.1.o build/src/point-to-point/model/switch-mmu.cc.1.o build/src/point-to-point/model/flow-stat-tag.cc.1.o build/src/point-to-point/model/dv-routing.cc.1.o build/src/point-to-point/model/caver-routing.cc.1.o build/src/point-to-point/model/noshare-routing.cc.1.o build/src/point-to-point/model/settings.cc.1.o build/src/point-to-point/model/conga-routing.cc.1.o build/src/point-to-point/model/letflow-routing.cc.1.o build/src/point-to-point/model/conweave-routing.cc.1.o build/src/point-to-point/model/conweave-voq.cc.1.o build/src/point-to-point/helper/selective-packet-queue.cc.1.o -> build/libns3.19-point-to-point-optimized.so
[1390/1450] cxxshlib: build/src/applications/model/bulk-send-application.cc.1.o build/src/applications/model/onoff-application.cc.1.o build/src/applications/model/packet-sink.cc.1.o build/src/applications/model/ping6.cc.1.o build/src/applications/model/radvd.cc.1.o build/src/applications/model/radvd-interface.cc.1.o build/src/applications/model/radvd-prefix.cc.1.o build/src/applications/model/udp-client.cc.1.o build/src/applications/model/udp-server.cc.1.o build/src/applications/model/udp-trace-client.cc.1.o build/src/applications/model/packet-loss-counter.cc.1.o build/src/applications/model/udp-echo-client.cc.1.o build/src/applications/model/udp-echo-server.cc.1.o build/src/applications/model/v4ping.cc.1.o build/src/applications/helper/bulk-send-helper.cc.1.o build/src/applications/helper/on-off-helper.cc.1.o build/src/applications/helper/packet-sink-helper.cc.1.o build/src/applications/helper/ping6-helper.cc.1.o build/src/applications/helper/udp-client-server-helper.cc.1.o build/src/applications/helper/udp-echo-helper.cc.1.o build/src/applications/helper/v4ping-helper.cc.1.o build/src/applications/model/rdma-client.cc.1.o build/src/applications/helper/rdma-client-helper.cc.1.o build/src/applications/model/check-all-packets.cc.1.o build/src/applications/model/app-recv-buffer.cc.1.o -> build/libns3.19-applications-optimized.so
[1391/1450] cxxshlib: build/src/csma/model/backoff.cc.1.o build/src/csma/model/csma-net-device.cc.1.o build/src/csma/model/csma-channel.cc.1.o build/src/csma/helper/csma-helper.cc.1.o -> build/libns3.19-csma-optimized.so
[1393/1450] cxxshlib: build/src/mesh/model/mesh-information-element-vector.cc.1.o build/src/mesh/model/mesh-point-device.cc.1.o build/src/mesh/model/mesh-l2-routing-protocol.cc.1.o build/src/mesh/model/mesh-wifi-beacon.cc.1.o build/src/mesh/model/mesh-wifi-interface-mac.cc.1.o build/src/mesh/model/dot11s/ie-dot11s-beacon-timing.cc.1.o build/src/mesh/model/dot11s/ie-dot11s-configuration.cc.1.o build/src/mesh/model/dot11s/ie-dot11s-id.cc.1.o build/src/mesh/model/dot11s/ie-dot11s-peer-management.cc.1.o build/src/mesh/model/dot11s/ie-dot11s-preq.cc.1.o build/src/mesh/model/dot11s/ie-dot11s-prep.cc.1.o build/src/mesh/model/dot11s/ie-dot11s-perr.cc.1.o build/src/mesh/model/dot11s/ie-dot11s-rann.cc.1.o build/src/mesh/model/dot11s/ie-dot11s-peering-protocol.cc.1.o build/src/mesh/model/dot11s/ie-dot11s-metric-report.cc.1.o build/src/mesh/model/dot11s/dot11s-mac-header.cc.1.o build/src/mesh/model/dot11s/peer-link-frame.cc.1.o build/src/mesh/model/dot11s/peer-link.cc.1.o build/src/mesh/model/dot11s/peer-management-protocol-mac.cc.1.o build/src/mesh/model/dot11s/peer-management-protocol.cc.1.o build/src/mesh/model/dot11s/hwmp-tag.cc.1.o build/src/mesh/model/dot11s/hwmp-rtable.cc.1.o build/src/mesh/model/dot11s/hwmp-protocol-mac.cc.1.o build/src/mesh/model/dot11s/hwmp-protocol.cc.1.o build/src/mesh/model/dot11s/airtime-metric.cc.1.o build/src/mesh/model/flame/flame-header.cc.1.o build/src/mesh/model/flame/flame-rtable.cc.1.o build/src/mesh/model/flame/flame-protocol-mac.cc.1.o build/src/mesh/model/flame/flame-protocol.cc.1.o build/src/mesh/helper/mesh-helper.cc.1.o build/src/mesh/helper/dot11s/dot11s-installer.cc.1.o build/src/mesh/helper/flame/flame-installer.cc.1.o -> build/libns3.19-mesh-optimized.so
[1394/1450] cxxshlib: build/src/spectrum/model/spectrum-model.cc.1.o build/src/spectrum/model/spectrum-value.cc.1.o build/src/spectrum/model/spectrum-converter.cc.1.o build/src/spectrum/model/spectrum-signal-parameters.cc.1.o build/src/spectrum/model/spectrum-propagation-loss-model.cc.1.o build/src/spectrum/model/friis-spectrum-propagation-loss.cc.1.o build/src/spectrum/model/constant-spectrum-propagation-loss.cc.1.o build/src/spectrum/model/spectrum-phy.cc.1.o build/src/spectrum/model/spectrum-channel.cc.1.o build/src/spectrum/model/single-model-spectrum-channel.cc.1.o build/src/spectrum/model/multi-model-spectrum-channel.cc.1.o build/src/spectrum/model/spectrum-interference.cc.1.o build/src/spectrum/model/spectrum-error-model.cc.1.o build/src/spectrum/model/spectrum-model-ism2400MHz-res1MHz.cc.1.o build/src/spectrum/model/spectrum-model-300kHz-300GHz-log.cc.1.o build/src/spectrum/model/wifi-spectrum-value-helper.cc.1.o build/src/spectrum/model/waveform-generator.cc.1.o build/src/spectrum/model/spectrum-analyzer.cc.1.o build/src/spectrum/model/aloha-noack-mac-header.cc.1.o build/src/spectrum/model/aloha-noack-net-device.cc.1.o build/src/spectrum/model/half-duplex-ideal-phy.cc.1.o build/src/spectrum/model/half-duplex-ideal-phy-signal-parameters.cc.1.o build/src/spectrum/model/non-communicating-net-device.cc.1.o build/src/spectrum/model/microwave-oven-spectrum-value-helper.cc.1.o build/src/spectrum/helper/spectrum-helper.cc.1.o build/src/spectrum/helper/adhoc-aloha-noack-ideal-phy-helper.cc.1.o build/src/spectrum/helper/waveform-generator-helper.cc.1.o build/src/spectrum/helper/spectrum-analyzer-helper.cc.1.o -> build/libns3.19-spectrum-optimized.so
[1394/1450] cxxshlib: build/src/wimax/model/cid.cc.1.o build/src/wimax/model/cid-factory.cc.1.o build/src/wimax/model/wimax-net-device.cc.1.o build/src/wimax/model/bs-net-device.cc.1.o build/src/wimax/model/ss-net-device.cc.1.o build/src/wimax/model/wimax-mac-header.cc.1.o build/src/wimax/model/wimax-phy.cc.1.o build/src/wimax/model/wimax-channel.cc.1.o build/src/wimax/model/ofdm-downlink-frame-prefix.cc.1.o build/src/wimax/model/wimax-connection.cc.1.o build/src/wimax/model/ss-record.cc.1.o build/src/wimax/model/mac-messages.cc.1.o build/src/wimax/model/dl-mac-messages.cc.1.o build/src/wimax/model/ul-mac-messages.cc.1.o build/src/wimax/model/simple-ofdm-wimax-phy.cc.1.o build/src/wimax/model/simple-ofdm-wimax-channel.cc.1.o build/src/wimax/model/send-params.cc.1.o build/src/wimax/model/ss-manager.cc.1.o build/src/wimax/model/connection-manager.cc.1.o build/src/wimax/model/bs-uplink-scheduler.cc.1.o build/src/wimax/model/bs-uplink-scheduler-simple.cc.1.o build/src/wimax/model/bs-uplink-scheduler-mbqos.cc.1.o build/src/wimax/model/bs-uplink-scheduler-rtps.cc.1.o build/src/wimax/model/bs-scheduler.cc.1.o build/src/wimax/model/bs-scheduler-simple.cc.1.o build/src/wimax/model/bs-scheduler-rtps.cc.1.o build/src/wimax/model/wimax-mac-queue.cc.1.o build/src/wimax/model/burst-profile-manager.cc.1.o build/src/wimax/model/ss-scheduler.cc.1.o build/src/wimax/model/service-flow.cc.1.o build/src/wimax/model/service-flow-manager.cc.1.o build/src/wimax/model/service-flow-record.cc.1.o build/src/wimax/model/ss-link-manager.cc.1.o build/src/wimax/model/bs-link-manager.cc.1.o build/src/wimax/model/bandwidth-manager.cc.1.o build/src/wimax/model/crc8.cc.1.o build/src/wimax/model/ul-job.cc.1.o build/src/wimax/model/snr-to-block-error-rate-record.cc.1.o build/src/wimax/model/snr-to-block-error-rate-manager.cc.1.o build/src/wimax/model/simple-ofdm-send-param.cc.1.o build/src/wimax/model/ss-service-flow-manager.cc.1.o build/src/wimax/model/bs-service-flow-manager.cc.1.o build/src/wimax/model/ipcs-classifier.cc.1.o build/src/wimax/model/ipcs-classifier-record.cc.1.o build/src/wimax/model/wimax-tlv.cc.1.o build/src/wimax/model/cs-parameters.cc.1.o build/src/wimax/model/wimax-mac-to-mac-header.cc.1.o build/src/wimax/helper/wimax-helper.cc.1.o -> build/libns3.19-wimax-optimized.so
[1395/1450] cxxshlib: build/src/olsr/model/olsr-header.cc.1.o build/src/olsr/model/olsr-state.cc.1.o build/src/olsr/model/olsr-routing-protocol.cc.1.o build/src/olsr/helper/olsr-helper.cc.1.o -> build/libns3.19-olsr-optimized.so
[1396/1450] cxxshlib: build/src/dsr/model/dsr-routing.cc.1.o build/src/dsr/model/dsr-options.cc.1.o build/src/dsr/model/dsr-fs-header.cc.1.o build/src/dsr/model/dsr-option-header.cc.1.o build/src/dsr/model/dsr-maintain-buff.cc.1.o build/src/dsr/model/dsr-rsendbuff.cc.1.o build/src/dsr/model/dsr-rcache.cc.1.o build/src/dsr/model/dsr-rreq-table.cc.1.o build/src/dsr/model/dsr-gratuitous-reply-table.cc.1.o build/src/dsr/model/dsr-errorbuff.cc.1.o build/src/dsr/model/dsr-network-queue.cc.1.o build/src/dsr/helper/dsr-helper.cc.1.o build/src/dsr/helper/dsr-main-helper.cc.1.o -> build/libns3.19-dsr-optimized.so
[1397/1450] cxxshlib: build/src/aodv/model/aodv-id-cache.cc.1.o build/src/aodv/model/aodv-dpd.cc.1.o build/src/aodv/model/aodv-rtable.cc.1.o build/src/aodv/model/aodv-rqueue.cc.1.o build/src/aodv/model/aodv-packet.cc.1.o build/src/aodv/model/aodv-neighbor.cc.1.o build/src/aodv/model/aodv-routing-protocol.cc.1.o build/src/aodv/helper/aodv-helper.cc.1.o -> build/libns3.19-aodv-optimized.so
[1398/1450] cxxshlib: build/src/dsdv/model/dsdv-rtable.cc.1.o build/src/dsdv/model/dsdv-packet-queue.cc.1.o build/src/dsdv/model/dsdv-packet.cc.1.o build/src/dsdv/model/dsdv-routing-protocol.cc.1.o build/src/dsdv/helper/dsdv-helper.cc.1.o -> build/libns3.19-dsdv-optimized.so
[1399/1450] cxxshlib: build/src/lte/model/lte-common.cc.1.o build/src/lte/model/lte-spectrum-phy.cc.1.o build/src/lte/model/lte-spectrum-signal-parameters.cc.1.o build/src/lte/model/lte-phy.cc.1.o build/src/lte/model/lte-enb-phy.cc.1.o build/src/lte/model/lte-ue-phy.cc.1.o build/src/lte/model/lte-spectrum-value-helper.cc.1.o build/src/lte/model/lte-amc.cc.1.o build/src/lte/model/lte-enb-rrc.cc.1.o build/src/lte/model/lte-ue-rrc.cc.1.o build/src/lte/model/lte-rlc-sap.cc.1.o build/src/lte/model/lte-rlc.cc.1.o build/src/lte/model/lte-rlc-sequence-number.cc.1.o build/src/lte/model/lte-rlc-header.cc.1.o build/src/lte/model/lte-rlc-am-header.cc.1.o build/src/lte/model/lte-rlc-um.cc.1.o build/src/lte/model/lte-rlc-am.cc.1.o build/src/lte/model/lte-rlc-tag.cc.1.o build/src/lte/model/lte-rlc-sdu-status-tag.cc.1.o build/src/lte/model/lte-pdcp-sap.cc.1.o build/src/lte/model/lte-pdcp.cc.1.o build/src/lte/model/lte-pdcp-header.cc.1.o build/src/lte/model/lte-pdcp-tag.cc.1.o build/src/lte/model/eps-bearer.cc.1.o build/src/lte/model/lte-radio-bearer-info.cc.1.o build/src/lte/model/lte-net-device.cc.1.o build/src/lte/model/lte-enb-net-device.cc.1.o build/src/lte/model/lte-ue-net-device.cc.1.o build/src/lte/model/ideal-control-messages.cc.1.o build/src/lte/helper/lte-helper.cc.1.o build/src/lte/helper/lte-stats-calculator.cc.1.o build/src/lte/helper/epc-helper.cc.1.o build/src/lte/helper/radio-bearer-stats-calculator.cc.1.o build/src/lte/helper/mac-stats-calculator.cc.1.o build/src/lte/helper/radio-environment-map-helper.cc.1.o build/src/lte/helper/lte-hex-grid-enb-topology-helper.cc.1.o build/src/lte/model/rem-spectrum-phy.cc.1.o build/src/lte/model/ff-mac-csched-sap.cc.1.o build/src/lte/model/ff-mac-sched-sap.cc.1.o build/src/lte/model/lte-mac-sap.cc.1.o build/src/lte/model/ff-mac-scheduler.cc.1.o build/src/lte/model/lte-enb-cmac-sap.cc.1.o build/src/lte/model/lte-ue-cmac-sap.cc.1.o build/src/lte/model/rr-ff-mac-scheduler.cc.1.o build/src/lte/model/lte-enb-mac.cc.1.o build/src/lte/model/lte-ue-mac.cc.1.o build/src/lte/model/lte-radio-bearer-tag.cc.1.o build/src/lte/model/lte-phy-tag.cc.1.o build/src/lte/model/lte-enb-phy-sap.cc.1.o build/src/lte/model/lte-ue-phy-sap.cc.1.o build/src/lte/model/lte-interference.cc.1.o build/src/lte/model/lte-sinr-chunk-processor.cc.1.o build/src/lte/model/pf-ff-mac-scheduler.cc.1.o build/src/lte/model/epc-gtpu-header.cc.1.o build/src/lte/model/trace-fading-loss-model.cc.1.o build/src/lte/model/epc-enb-application.cc.1.o build/src/lte/model/epc-sgw-pgw-application.cc.1.o build/src/lte/model/epc-tft.cc.1.o build/src/lte/model/epc-tft-classifier.cc.1.o build/src/lte/model/lte-mi-error-model.cc.1.o -> build/libns3.19-lte-optimized.so
[1400/1450] cxxshlib: build/src/netanim/model/animation-interface.cc.1.o build/src/netanim/helper/animation-interface-helper.cc.1.o -> build/libns3.19-netanim-optimized.so
[1401/1450] cxxshlib: build/src/csma-layout/model/csma-star-helper.cc.1.o -> build/libns3.19-csma-layout-optimized.so
[1402/1450] cxxshlib: build/src/point-to-point-layout/model/point-to-point-dumbbell.cc.1.o build/src/point-to-point-layout/model/point-to-point-grid.cc.1.o build/src/point-to-point-layout/model/point-to-point-star.cc.1.o -> build/libns3.19-point-to-point-layout-optimized.so
[1403/1450] cxxshlib:  -> build/libns3.19-test-optimized.so
[1404/1450] cxxprogram: build/utils/test-runner.cc.1.o -> build/utils/ns3.19-test-runner-optimized
[1405/1450] cxxprogram: build/scratch/subdir/scratch-simulator-subdir.cc.1.o -> build/scratch/subdir/subdir
[1406/1450] cxxprogram: build/scratch/scratch-simulator.cc.3.o -> build/scratch/scratch-simulator
[1407/1450] cxxprogram: build/utils/print-introspected-doxygen.cc.4.o -> build/utils/ns3.19-print-introspected-doxygen-optimized
../scratch/network-load-balance.cc: In function 'std::map<unsigned int, std::map<unsigned int, unsigned int> > CreateNodeInterfaceMap(const std::map<ns3::Ptr<ns3::Node>, std::map<ns3::Ptr<ns3::Node>, ns3::Interface> >&)':
../scratch/network-load-balance.cc:278:22: warning: structured bindings only available with '-std=c++17' or '-std=gnu++17'
  278 |     for (const auto& [node, ifMap] : nbr2if) {
      |                      ^
../scratch/network-load-balance.cc:281:26: warning: structured bindings only available with '-std=c++17' or '-std=gnu++17'
  281 |         for (const auto& [nbrNode, iface] : ifMap) {
      |                          ^
../scratch/network-load-balance.cc: In function 'std::map<unsigned int, std::map<unsigned int, unsigned int> > CreateNbr2Interface(const std::map<ns3::Ptr<ns3::Node>, std::map<ns3::Ptr<ns3::Node>, ns3::Interface> >&)':
../scratch/network-load-balance.cc:294:22: warning: structured bindings only available with '-std=c++17' or '-std=gnu++17'
  294 |     for (const auto& [node, ifMap] : nbr2if) {
      |                      ^
../scratch/network-load-balance.cc:297:26: warning: structured bindings only available with '-std=c++17' or '-std=gnu++17'
  297 |         for (const auto& [nbrNode, iface] : ifMap) {
      |                          ^
../scratch/network-load-balance.cc: In function 'void m_rx_periodic_monitoring(FILE*, FILE*, FILE*)':
../scratch/network-load-balance.cc:732:56: warning: format '%u' expects argument of type 'unsigned int', but argument 5 has type 'long unsigned int' [-Wformat=]
  732 |                         fprintf(fout_flow_rx, "%lu,%u,%u\n", now, it->first, it->second);
      |                                                       ~^                     ~~~~~~~~~~
      |                                                        |                         |
      |                                                        unsigned int              long unsigned int
      |                                                       %lu
../scratch/network-load-balance.cc: In function 'int main(int, char**)':
../scratch/network-load-balance.cc:2389:42: warning: structured bindings only available with '-std=c++17' or '-std=gnu++17'
 2389 |                         for (const auto& [key, value] : swSrc->m_mmu->m_conweaveRouting.m_rxToRId2BaseRTT) {
      |                                          ^
../scratch/network-load-balance.cc:1861:36: warning: '.0' directive writing 2 bytes into a region of size between 1 and 10 [-Wformat-overflow=]
 1861 |         sprintf(ipstring, "10.%d.%d.0", i / 254 + 1, i % 254 + 1);
      |                                    ^~
In file included from /usr/include/stdio.h:867,
                 from /usr/include/c++/9/cstdio:42,
                 from /usr/include/c++/9/ext/string_conversions.h:43,
                 from /usr/include/c++/9/bits/basic_string.h:6496,
                 from /usr/include/c++/9/string:55,
                 from /usr/include/c++/9/bits/locale_classes.h:40,
                 from /usr/include/c++/9/bits/ios_base.h:41,
                 from /usr/include/c++/9/ios:42,
                 from /usr/include/c++/9/ostream:38,
                 from /usr/include/c++/9/iostream:39,
                 from ./ns3/ptr.h:24,
                 from ./ns3/event-id.h:24,
                 from ./ns3/application.h:24,
                 from ./ns3/application-container.h:26,
                 from ./ns3/rdma-client-helper.h:24,
                 from ../scratch/network-load-balance.cc:22:
/usr/include/x86_64-linux-gnu/bits/stdio2.h:36:34: note: '__builtin___sprintf_chk' output between 9 and 18 bytes into a destination of size 16
   36 |   return __builtin___sprintf_chk (__s, __USE_FORTIFY_LEVEL - 1,
      |          ~~~~~~~~~~~~~~~~~~~~~~~~^~~~~~~~~~~~~~~~~~~~~~~~~~~~~~
   37 |       __bos (__s), __fmt, __va_arg_pack ());
      |       ~~~~~~~~~~~~~~~~~~~~~~~~~~~~~~~~~~~~~
[1443/1450] cxxprogram: build/scratch/network-load-balance.cc.2.o -> build/scratch/network-load-balance
Waf: Leaving directory `/root/ns-3.19/build'
'build' finished successfully (17.647s)

Modules built:
antenna                   aodv                      applications             
bridge                    buildings                 config-store             
core                      csma                      csma-layout              
dsdv                      dsr                       emu                      
energy                    flow-monitor              internet                 
lte                       mesh                      mobility                 
mpi                       netanim (no Python)       network                  
nix-vector-routing        olsr                      point-to-point           
point-to-point-layout     propagation               spectrum                 
stats                     tap-bridge                test (no Python)         
tools                     topology-read             uan                      
virtual-net-device        wifi                      wimax                    

Modules not built (see ns-3 tutorial for explanation):
click                     openflow                  visualizer               

