[0mSetting top to                           :[0m [32m/root/ns-3.19[0m 
[0mSetting out to                           :[0m [32m/root/ns-3.19/build[0m 
[0mChecking for 'gcc' (c compiler)          :[0m [32m/usr/bin/gcc[0m 
[0mChecking for 'g++' (c++ compiler)        :[0m [32m/usr/bin/g++[0m 
[0mChecking for compilation flag -march=native... support :[0m [32mok[0m 
[0mChecking for compilation flag -Wl,--soname=foo... support :[0m [32mok[0m 
[0mChecking for program python                               :[0m [32m/usr/bin/python[0m 
[0mChecking for python version                               :[0m [32m(2, 7, 18, 'final', 0)[0m 
[0mChecking for library python2.7 in LIBDIR                  :[0m [33mnot found[0m 
[0mChecking for library python2.7 in python_LIBPL            :[0m [33mnot found[0m 
[0mChecking for library python2.7 in $prefix/libs            :[0m [33mnot found[0m 
[0mChecking for library python2.7m in LIBDIR                 :[0m [33mnot found[0m 
[0mChecking for library python2.7m in python_LIBPL           :[0m [33mnot found[0m 
[0mChecking for library python2.7m in $prefix/libs           :[0m [33mnot found[0m 
[0mChecking for library python27 in LIBDIR                   :[0m [33mnot found[0m 
[0mChecking for library python27 in python_LIBPL             :[0m [33mnot found[0m 
[0mChecking for library python27 in $prefix/libs             :[0m [33mnot found[0m 
[0mChecking for program /usr/bin/python-config,python2.7-config,python-config-2.7,python2.7m-config :[0m [33mnot found[0m 
[0mChecking for header Python.h                                                                     :[0m [33m:-([0m 
[0mAsking python-config for pyembed --cflags flags                                                  :[0m [33mnot found[0m 
[0mChecking boost includes                                                                          :[0m [33mnot found[0m 
[0mChecking boost includes                                                                          :[0m [33mnot found[0m 
[0mChecking for click location                                                                      :[0m [33mnot found[0m 
[0mChecking for program pkg-config                                                                  :[0m [33mnot found[0m 
[0mChecking for program pkg-config                                                                  :[0m [33mnot found[0m 
[0mChecking for type uint128_t                                                                      :[0m [33mnot found[0m 
[0mChecking for type __uint128_t                                                                    :[0m [32myes[0m 
[0mChecking high precision time implementation                                                      :[0m [32m128-bit integer[0m 
[0mChecking for header stdint.h                                                                     :[0m [32myes[0m 
[0mChecking for header inttypes.h                                                                   :[0m [32myes[0m 
[0mChecking for header sys/inttypes.h                                                               :[0m [33mnot found[0m 
[0mChecking for header sys/types.h                                                                  :[0m [32myes[0m 
[0mChecking for header sys/stat.h                                                                   :[0m [32myes[0m 
[0mChecking for header dirent.h                                                                     :[0m [32myes[0m 
[0mChecking for header stdlib.h                                                                     :[0m [32myes[0m 
[0mChecking for header signal.h                                                                     :[0m [32myes[0m 
[0mChecking for header pthread.h                                                                    :[0m [32myes[0m 
[0mChecking for header stdint.h                                                                     :[0m [32myes[0m 
[0mChecking for header inttypes.h                                                                   :[0m [32myes[0m 
[0mChecking for header sys/inttypes.h                                                               :[0m [33mnot found[0m 
[0mChecking for library rt                                                                          :[0m [32myes[0m 
[0mChecking for header netpacket/packet.h                                                           :[0m [32myes[0m 
[0mChecking for NSC location                                                                        :[0m [33mnot found[0m 
[0mChecking for program pkg-config                                                                  :[0m [33mnot found[0m 
[0mChecking for header linux/if_tun.h                                                               :[0m [32myes[0m 
[0mChecking for program sudo                                                                        :[0m [33mnot found[0m 
[0mChecking for program valgrind                                                                    :[0m [33mnot found[0m 
[0mChecking for program pkg-config                                                                  :[0m [33mnot found[0m 
[0mChecking for compilation flag -Wno-error=deprecated-d... support                                 :[0m [32mok[0m 
[0mChecking for compilation flag -Wno-error=deprecated-d... support                                 :[0m [32mok[0m 
[0mChecking for compilation flag -fstrict-aliasing... support                                       :[0m [32mok[0m 
[0mChecking for compilation flag -fstrict-aliasing... support                                       :[0m [32mok[0m 
[0mChecking for compilation flag -Wstrict-aliasing... support                                       :[0m [32mok[0m 
[0mChecking for compilation flag -Wstrict-aliasing... support                                       :[0m [32mok[0m 
[0mChecking for program doxygen                                                                     :[0m [33mnot found[0m 
---- Summary of optional NS-3 features:
Python Bindings               : [01;31mnot enabled (Python library or headers missing)[0m
NS-3 Click Integration        : [01;31mnot enabled (nsclick not enabled (see option --with-nsclick))[0m
GtkConfigStore                : [01;31mnot enabled (library 'gtk+-2.0 >= 2.12' not found)[0m
XmlIo                         : [01;31mnot enabled (library 'libxml-2.0 >= 2.7' not found)[0m
Threading Primitives          : [32menabled[0m
Real Time Simulator           : [32menabled[0m
Emulated Net Device           : [32menabled[0m
Network Simulation Cradle     : [01;31mnot enabled (NSC not found (see option --with-nsc))[0m
MPI Support                   : [01;31mnot enabled (option --enable-mpi not selected)[0m
NS-3 OpenFlow Integration     : [01;31mnot enabled (Required boost libraries not found)[0m
SQlite stats data output      : [01;31mnot enabled (library 'sqlite3' not found)[0m
Tap Bridge                    : [32menabled[0m
PyViz visualizer              : [01;31mnot enabled (Python Bindings are needed but not enabled)[0m
Use sudo to set suid bit      : [01;31mnot enabled (option --enable-sudo not selected)[0m
Build tests                   : [01;31mnot enabled (defaults to disabled)[0m
Build examples                : [01;31mnot enabled (defaults to disabled)[0m
GNU Scientific Library (GSL)  : [01;31mnot enabled (GSL not found)[0m
[32m'configure' finished successfully (2.817s)[0m
[32mWaf: Entering directory `/root/ns-3.19/build'[0m
[ 802/1448] [32mcxx: src/point-to-point/model/caver-routing.cc -> build/src/point-to-point/model/caver-routing.cc.1.o
[0m[1419/1448] [33mcxxshlib: build/src/point-to-point/model/point-to-point-net-device.cc.1.o build/src/point-to-point/model/point-to-point-channel.cc.1.o build/src/point-to-point/model/point-to-point-remote-channel.cc.1.o build/src/point-to-point/model/ppp-header.cc.1.o build/src/point-to-point/helper/point-to-point-helper.cc.1.o build/src/point-to-point/helper/qbb-helper.cc.1.o build/src/point-to-point/model/qbb-net-device.cc.1.o build/src/point-to-point/model/pause-header.cc.1.o build/src/point-to-point/model/cn-header.cc.1.o build/src/point-to-point/model/qbb-header.cc.1.o build/src/point-to-point/model/qbb-channel.cc.1.o build/src/point-to-point/model/qbb-remote-channel.cc.1.o build/src/point-to-point/model/rdma-driver.cc.1.o build/src/point-to-point/model/rdma-queue-pair.cc.1.o build/src/point-to-point/model/rdma-hw.cc.1.o build/src/point-to-point/model/switch-node.cc.1.o build/src/point-to-point/model/switch-mmu.cc.1.o build/src/point-to-point/model/flow-stat-tag.cc.1.o build/src/point-to-point/model/dv-routing.cc.1.o build/src/point-to-point/model/caver-routing.cc.1.o build/src/point-to-point/model/settings.cc.1.o build/src/point-to-point/model/conga-routing.cc.1.o build/src/point-to-point/model/letflow-routing.cc.1.o build/src/point-to-point/model/conweave-routing.cc.1.o build/src/point-to-point/model/conweave-voq.cc.1.o build/src/point-to-point/helper/selective-packet-queue.cc.1.o -> build/libns3.19-point-to-point-optimized.so
[0m[1420/1448] [33mcxxshlib: build/src/applications/model/bulk-send-application.cc.1.o build/src/applications/model/onoff-application.cc.1.o build/src/applications/model/packet-sink.cc.1.o build/src/applications/model/ping6.cc.1.o build/src/applications/model/radvd.cc.1.o build/src/applications/model/radvd-interface.cc.1.o build/src/applications/model/radvd-prefix.cc.1.o build/src/applications/model/udp-client.cc.1.o build/src/applications/model/udp-server.cc.1.o build/src/applications/model/udp-trace-client.cc.1.o build/src/applications/model/packet-loss-counter.cc.1.o build/src/applications/model/udp-echo-client.cc.1.o build/src/applications/model/udp-echo-server.cc.1.o build/src/applications/model/v4ping.cc.1.o build/src/applications/helper/bulk-send-helper.cc.1.o build/src/applications/helper/on-off-helper.cc.1.o build/src/applications/helper/packet-sink-helper.cc.1.o build/src/applications/helper/ping6-helper.cc.1.o build/src/applications/helper/udp-client-server-helper.cc.1.o build/src/applications/helper/udp-echo-helper.cc.1.o build/src/applications/helper/v4ping-helper.cc.1.o build/src/applications/model/rdma-client.cc.1.o build/src/applications/helper/rdma-client-helper.cc.1.o build/src/applications/model/check-all-packets.cc.1.o build/src/applications/model/app-recv-buffer.cc.1.o -> build/libns3.19-applications-optimized.so
[0m[1425/1448] [33mcxxshlib: build/src/spectrum/model/spectrum-model.cc.1.o build/src/spectrum/model/spectrum-value.cc.1.o build/src/spectrum/model/spectrum-converter.cc.1.o build/src/spectrum/model/spectrum-signal-parameters.cc.1.o build/src/spectrum/model/spectrum-propagation-loss-model.cc.1.o build/src/spectrum/model/friis-spectrum-propagation-loss.cc.1.o build/src/spectrum/model/constant-spectrum-propagation-loss.cc.1.o build/src/spectrum/model/spectrum-phy.cc.1.o build/src/spectrum/model/spectrum-channel.cc.1.o build/src/spectrum/model/single-model-spectrum-channel.cc.1.o build/src/spectrum/model/multi-model-spectrum-channel.cc.1.o build/src/spectrum/model/spectrum-interference.cc.1.o build/src/spectrum/model/spectrum-error-model.cc.1.o build/src/spectrum/model/spectrum-model-ism2400MHz-res1MHz.cc.1.o build/src/spectrum/model/spectrum-model-300kHz-300GHz-log.cc.1.o build/src/spectrum/model/wifi-spectrum-value-helper.cc.1.o build/src/spectrum/model/waveform-generator.cc.1.o build/src/spectrum/model/spectrum-analyzer.cc.1.o build/src/spectrum/model/aloha-noack-mac-header.cc.1.o build/src/spectrum/model/aloha-noack-net-device.cc.1.o build/src/spectrum/model/half-duplex-ideal-phy.cc.1.o build/src/spectrum/model/half-duplex-ideal-phy-signal-parameters.cc.1.o build/src/spectrum/model/non-communicating-net-device.cc.1.o build/src/spectrum/model/microwave-oven-spectrum-value-helper.cc.1.o build/src/spectrum/helper/spectrum-helper.cc.1.o build/src/spectrum/helper/adhoc-aloha-noack-ideal-phy-helper.cc.1.o build/src/spectrum/helper/waveform-generator-helper.cc.1.o build/src/spectrum/helper/spectrum-analyzer-helper.cc.1.o -> build/libns3.19-spectrum-optimized.so
[0m[1427/1448] [33mcxxshlib: build/src/csma/model/backoff.cc.1.o build/src/csma/model/csma-net-device.cc.1.o build/src/csma/model/csma-channel.cc.1.o build/src/csma/helper/csma-helper.cc.1.o -> build/libns3.19-csma-optimized.so
[0m[1428/1448] [33mcxxshlib: build/src/mesh/model/mesh-information-element-vector.cc.1.o build/src/mesh/model/mesh-point-device.cc.1.o build/src/mesh/model/mesh-l2-routing-protocol.cc.1.o build/src/mesh/model/mesh-wifi-beacon.cc.1.o build/src/mesh/model/mesh-wifi-interface-mac.cc.1.o build/src/mesh/model/dot11s/ie-dot11s-beacon-timing.cc.1.o build/src/mesh/model/dot11s/ie-dot11s-configuration.cc.1.o build/src/mesh/model/dot11s/ie-dot11s-id.cc.1.o build/src/mesh/model/dot11s/ie-dot11s-peer-management.cc.1.o build/src/mesh/model/dot11s/ie-dot11s-preq.cc.1.o build/src/mesh/model/dot11s/ie-dot11s-prep.cc.1.o build/src/mesh/model/dot11s/ie-dot11s-perr.cc.1.o build/src/mesh/model/dot11s/ie-dot11s-rann.cc.1.o build/src/mesh/model/dot11s/ie-dot11s-peering-protocol.cc.1.o build/src/mesh/model/dot11s/ie-dot11s-metric-report.cc.1.o build/src/mesh/model/dot11s/dot11s-mac-header.cc.1.o build/src/mesh/model/dot11s/peer-link-frame.cc.1.o build/src/mesh/model/dot11s/peer-link.cc.1.o build/src/mesh/model/dot11s/peer-management-protocol-mac.cc.1.o build/src/mesh/model/dot11s/peer-management-protocol.cc.1.o build/src/mesh/model/dot11s/hwmp-tag.cc.1.o build/src/mesh/model/dot11s/hwmp-rtable.cc.1.o build/src/mesh/model/dot11s/hwmp-protocol-mac.cc.1.o build/src/mesh/model/dot11s/hwmp-protocol.cc.1.o build/src/mesh/model/dot11s/airtime-metric.cc.1.o build/src/mesh/model/flame/flame-header.cc.1.o build/src/mesh/model/flame/flame-rtable.cc.1.o build/src/mesh/model/flame/flame-protocol-mac.cc.1.o build/src/mesh/model/flame/flame-protocol.cc.1.o build/src/mesh/helper/mesh-helper.cc.1.o build/src/mesh/helper/dot11s/dot11s-installer.cc.1.o build/src/mesh/helper/flame/flame-installer.cc.1.o -> build/libns3.19-mesh-optimized.so
[0m[1428/1448] [33mcxxshlib: build/src/wimax/model/cid.cc.1.o build/src/wimax/model/cid-factory.cc.1.o build/src/wimax/model/wimax-net-device.cc.1.o build/src/wimax/model/bs-net-device.cc.1.o build/src/wimax/model/ss-net-device.cc.1.o build/src/wimax/model/wimax-mac-header.cc.1.o build/src/wimax/model/wimax-phy.cc.1.o build/src/wimax/model/wimax-channel.cc.1.o build/src/wimax/model/ofdm-downlink-frame-prefix.cc.1.o build/src/wimax/model/wimax-connection.cc.1.o build/src/wimax/model/ss-record.cc.1.o build/src/wimax/model/mac-messages.cc.1.o build/src/wimax/model/dl-mac-messages.cc.1.o build/src/wimax/model/ul-mac-messages.cc.1.o build/src/wimax/model/simple-ofdm-wimax-phy.cc.1.o build/src/wimax/model/simple-ofdm-wimax-channel.cc.1.o build/src/wimax/model/send-params.cc.1.o build/src/wimax/model/ss-manager.cc.1.o build/src/wimax/model/connection-manager.cc.1.o build/src/wimax/model/bs-uplink-scheduler.cc.1.o build/src/wimax/model/bs-uplink-scheduler-simple.cc.1.o build/src/wimax/model/bs-uplink-scheduler-mbqos.cc.1.o build/src/wimax/model/bs-uplink-scheduler-rtps.cc.1.o build/src/wimax/model/bs-scheduler.cc.1.o build/src/wimax/model/bs-scheduler-simple.cc.1.o build/src/wimax/model/bs-scheduler-rtps.cc.1.o build/src/wimax/model/wimax-mac-queue.cc.1.o build/src/wimax/model/burst-profile-manager.cc.1.o build/src/wimax/model/ss-scheduler.cc.1.o build/src/wimax/model/service-flow.cc.1.o build/src/wimax/model/service-flow-manager.cc.1.o build/src/wimax/model/service-flow-record.cc.1.o build/src/wimax/model/ss-link-manager.cc.1.o build/src/wimax/model/bs-link-manager.cc.1.o build/src/wimax/model/bandwidth-manager.cc.1.o build/src/wimax/model/crc8.cc.1.o build/src/wimax/model/ul-job.cc.1.o build/src/wimax/model/snr-to-block-error-rate-record.cc.1.o build/src/wimax/model/snr-to-block-error-rate-manager.cc.1.o build/src/wimax/model/simple-ofdm-send-param.cc.1.o build/src/wimax/model/ss-service-flow-manager.cc.1.o build/src/wimax/model/bs-service-flow-manager.cc.1.o build/src/wimax/model/ipcs-classifier.cc.1.o build/src/wimax/model/ipcs-classifier-record.cc.1.o build/src/wimax/model/wimax-tlv.cc.1.o build/src/wimax/model/cs-parameters.cc.1.o build/src/wimax/model/wimax-mac-to-mac-header.cc.1.o build/src/wimax/helper/wimax-helper.cc.1.o -> build/libns3.19-wimax-optimized.so
[0m[1429/1448] [33mcxxshlib: build/src/olsr/model/olsr-header.cc.1.o build/src/olsr/model/olsr-state.cc.1.o build/src/olsr/model/olsr-routing-protocol.cc.1.o build/src/olsr/helper/olsr-helper.cc.1.o -> build/libns3.19-olsr-optimized.so
[0m[1430/1448] [33mcxxshlib: build/src/lte/model/lte-common.cc.1.o build/src/lte/model/lte-spectrum-phy.cc.1.o build/src/lte/model/lte-spectrum-signal-parameters.cc.1.o build/src/lte/model/lte-phy.cc.1.o build/src/lte/model/lte-enb-phy.cc.1.o build/src/lte/model/lte-ue-phy.cc.1.o build/src/lte/model/lte-spectrum-value-helper.cc.1.o build/src/lte/model/lte-amc.cc.1.o build/src/lte/model/lte-enb-rrc.cc.1.o build/src/lte/model/lte-ue-rrc.cc.1.o build/src/lte/model/lte-rlc-sap.cc.1.o build/src/lte/model/lte-rlc.cc.1.o build/src/lte/model/lte-rlc-sequence-number.cc.1.o build/src/lte/model/lte-rlc-header.cc.1.o build/src/lte/model/lte-rlc-am-header.cc.1.o build/src/lte/model/lte-rlc-um.cc.1.o build/src/lte/model/lte-rlc-am.cc.1.o build/src/lte/model/lte-rlc-tag.cc.1.o build/src/lte/model/lte-rlc-sdu-status-tag.cc.1.o build/src/lte/model/lte-pdcp-sap.cc.1.o build/src/lte/model/lte-pdcp.cc.1.o build/src/lte/model/lte-pdcp-header.cc.1.o build/src/lte/model/lte-pdcp-tag.cc.1.o build/src/lte/model/eps-bearer.cc.1.o build/src/lte/model/lte-radio-bearer-info.cc.1.o build/src/lte/model/lte-net-device.cc.1.o build/src/lte/model/lte-enb-net-device.cc.1.o build/src/lte/model/lte-ue-net-device.cc.1.o build/src/lte/model/ideal-control-messages.cc.1.o build/src/lte/helper/lte-helper.cc.1.o build/src/lte/helper/lte-stats-calculator.cc.1.o build/src/lte/helper/epc-helper.cc.1.o build/src/lte/helper/radio-bearer-stats-calculator.cc.1.o build/src/lte/helper/mac-stats-calculator.cc.1.o build/src/lte/helper/radio-environment-map-helper.cc.1.o build/src/lte/helper/lte-hex-grid-enb-topology-helper.cc.1.o build/src/lte/model/rem-spectrum-phy.cc.1.o build/src/lte/model/ff-mac-csched-sap.cc.1.o build/src/lte/model/ff-mac-sched-sap.cc.1.o build/src/lte/model/lte-mac-sap.cc.1.o build/src/lte/model/ff-mac-scheduler.cc.1.o build/src/lte/model/lte-enb-cmac-sap.cc.1.o build/src/lte/model/lte-ue-cmac-sap.cc.1.o build/src/lte/model/rr-ff-mac-scheduler.cc.1.o build/src/lte/model/lte-enb-mac.cc.1.o build/src/lte/model/lte-ue-mac.cc.1.o build/src/lte/model/lte-radio-bearer-tag.cc.1.o build/src/lte/model/lte-phy-tag.cc.1.o build/src/lte/model/lte-enb-phy-sap.cc.1.o build/src/lte/model/lte-ue-phy-sap.cc.1.o build/src/lte/model/lte-interference.cc.1.o build/src/lte/model/lte-sinr-chunk-processor.cc.1.o build/src/lte/model/pf-ff-mac-scheduler.cc.1.o build/src/lte/model/epc-gtpu-header.cc.1.o build/src/lte/model/trace-fading-loss-model.cc.1.o build/src/lte/model/epc-enb-application.cc.1.o build/src/lte/model/epc-sgw-pgw-application.cc.1.o build/src/lte/model/epc-tft.cc.1.o build/src/lte/model/epc-tft-classifier.cc.1.o build/src/lte/model/lte-mi-error-model.cc.1.o -> build/libns3.19-lte-optimized.so
[0m[1431/1448] [33mcxxshlib: build/src/dsr/model/dsr-routing.cc.1.o build/src/dsr/model/dsr-options.cc.1.o build/src/dsr/model/dsr-fs-header.cc.1.o build/src/dsr/model/dsr-option-header.cc.1.o build/src/dsr/model/dsr-maintain-buff.cc.1.o build/src/dsr/model/dsr-rsendbuff.cc.1.o build/src/dsr/model/dsr-rcache.cc.1.o build/src/dsr/model/dsr-rreq-table.cc.1.o build/src/dsr/model/dsr-gratuitous-reply-table.cc.1.o build/src/dsr/model/dsr-errorbuff.cc.1.o build/src/dsr/model/dsr-network-queue.cc.1.o build/src/dsr/helper/dsr-helper.cc.1.o build/src/dsr/helper/dsr-main-helper.cc.1.o -> build/libns3.19-dsr-optimized.so
[0m[1433/1448] [33mcxxshlib: build/src/aodv/model/aodv-id-cache.cc.1.o build/src/aodv/model/aodv-dpd.cc.1.o build/src/aodv/model/aodv-rtable.cc.1.o build/src/aodv/model/aodv-rqueue.cc.1.o build/src/aodv/model/aodv-packet.cc.1.o build/src/aodv/model/aodv-neighbor.cc.1.o build/src/aodv/model/aodv-routing-protocol.cc.1.o build/src/aodv/helper/aodv-helper.cc.1.o -> build/libns3.19-aodv-optimized.so
[0m[1433/1448] [33mcxxshlib: build/src/dsdv/model/dsdv-rtable.cc.1.o build/src/dsdv/model/dsdv-packet-queue.cc.1.o build/src/dsdv/model/dsdv-packet.cc.1.o build/src/dsdv/model/dsdv-routing-protocol.cc.1.o build/src/dsdv/helper/dsdv-helper.cc.1.o -> build/libns3.19-dsdv-optimized.so
[0m[1434/1448] [33mcxxshlib: build/src/netanim/model/animation-interface.cc.1.o build/src/netanim/helper/animation-interface-helper.cc.1.o -> build/libns3.19-netanim-optimized.so
[0m[1435/1448] [33mcxxshlib: build/src/point-to-point-layout/model/point-to-point-dumbbell.cc.1.o build/src/point-to-point-layout/model/point-to-point-grid.cc.1.o build/src/point-to-point-layout/model/point-to-point-star.cc.1.o -> build/libns3.19-point-to-point-layout-optimized.so
[0m[1436/1448] [33mcxxshlib: build/src/csma-layout/model/csma-star-helper.cc.1.o -> build/libns3.19-csma-layout-optimized.so
[0m[1437/1448] [33mcxxshlib:  -> build/libns3.19-test-optimized.so
[0m[1440/1448] [33mcxxprogram: build/scratch/scratch-simulator.cc.3.o -> build/scratch/scratch-simulator
[0m[1441/1448] [33mcxxprogram: build/scratch/network-load-balance.cc.2.o -> build/scratch/network-load-balance
[0m[1441/1448] [33mcxxprogram: build/utils/test-runner.cc.1.o -> build/utils/ns3.19-test-runner-optimized
[0m[1442/1448] [33mcxxprogram: build/scratch/subdir/scratch-simulator-subdir.cc.1.o -> build/scratch/subdir/subdir
[0m[1442/1448] [33mcxxprogram: build/utils/print-introspected-doxygen.cc.4.o -> build/utils/ns3.19-print-introspected-doxygen-optimized
[0m[32mWaf: Leaving directory `/root/ns-3.19/build'[0m
[32m'build' finished successfully (15.507s)[0m

Modules built:
antenna                   aodv                      applications             
bridge                    buildings                 config-store             
core                      csma                      csma-layout              
dsdv                      dsr                       emu                      
energy                    flow-monitor              internet                 
lte                       mesh                      mobility                 
mpi                       netanim (no Python)       network                  
nix-vector-routing        olsr                      point-to-point           
point-to-point-layout     propagation               spectrum                 
stats                     tap-bridge                test (no Python)         
tools                     topology-read             uan                      
virtual-net-device        wifi                      wimax                    

Modules not built (see ns-3 tutorial for explanation):
click                     openflow                  visualizer               

